// Jest Snapshot v1, https://goo.gl/fbAQLP

exports[`Pruebas en <GifgridItem/> Debe mostrar el componente correctamente 1`] = `
<div
  className="card animate__animated animate__wobble"
>
  <img
    alt="Fabian"
    src="https://www.local.com"
  />
</div>
`;
